
> quick-order@0.0.0 build
> ng build

[33m❯[39m Building...
[32m✔[39m Building...
Application bundle generation failed. [19.960 seconds] - 2026-01-21T06:31:34.078Z

[1m[31m[31mX [41;31m[[41;97mERROR[41;31m][0m [1mNG8002: Can't bind to 'routerLink' since it isn't a known property of 'div'.[0m [1m[35m[plugin angular-compiler][0m

    src/app/features/shop/product-list/product-list.html:8:17:
[37m      8 │             <div [32m[routerLink]="['/shop/product', product.id]"[37m
        ╵                  [32m~~~~~~~~~~~~~~~~~~~~~~~~~~~~~~~~~~~~~~~~~~~~[0m

  Error occurs in the template of component ProductListComponent.

    src/app/features/shop/product-list/product-list.ts:12:15:
[37m      12 │   templateUrl: [32m'./product-list.html'[37m,
         ╵                [32m~~~~~~~~~~~~~~~~~~~~~[0m

[39m[22m
